[2026-07-09T15:41:25.022795] RAW PAYLOAD: {"iv": "Ow8gled+dqIF176I", "ciphertext": "pnMY5lUiIlKD5o4h1gbxePP/XIP6saNrdS87upRZuAjo6lgAjwDBbQN7d7OZg+CMyrQXHzBKybdlGsKIwjUwvR8nQJE/x7inbtppIS6fMIzX8TAE4bNolerCHXeNadVKX+vUWIKqUmWCX5uXq9rYVoSzPw0A2XRm+6JQPmA=", "tag": "PP8+WWdAJQaFx+hjloF6gg=="}
[2026-07-09T15:41:25.193779] RAW PAYLOAD: {"iv": "3HHegiPyiIsCi7+Z", "ciphertext": "tcxCbfKjX/wM4LVBMOmGgqBMMAg2f0T0GtfOksnkoS0zk5KFkTohVFGCiqjQ8GT7PE4LiZIy0uadU+3oewXpJ2Me+dyGDKEVwClEesfFx0eZ7xWV+6zLhRavwNhl4KFEg+Ne5zq4/s9rB0OptpJEADkto9RhRJLngsP5EE0=", "tag": "Tkh2cHEzsxEeiGTCjfmGUw=="}
[2026-07-09T15:41:25.363222] RAW PAYLOAD: {"iv": "KoSakbQtlWxoFS0A", "ciphertext": "vA+jQLf7tD/QigaPb82eRBtjAIqfXl19ygb5mgtGSndwLkiAyKRgpXZoMciQ9S57+gUx3Z6l/dBpzMZHZ2bH8s/WEsAQCDjMfRXM28WSz4fDSqi6YLQ7HNtFZGraNRtQrkVXamo8GCPguwVeyUl0TUP5CPozLg4nyDI+iPI=", "tag": "/r7qTBh52RIvmCHMaJOW8A=="}
[2026-07-09T15:41:25.535593] RAW PAYLOAD: {"iv": "aIy6VW97dJ0AwF+h", "ciphertext": "on0ZQ1EY7PbOlKPdbx0o/24YAW/ongMdpgquK2ovc7nWbgXa4v/UMejMU74Bsuq77hN7iw9TFDJvr27phLzp2GfZo8lSpxIslzUgVmg28JZ2lvMVqKhIxRQG0YJ2jeyfjsBFWorAvQLKVbQx89atoXk0xhZryAS7N0pA3is=", "tag": "KGGOeMHZKTOUzTRyHj7U3Q=="}
[2026-07-09T15:41:25.705468] RAW PAYLOAD: {"iv": "So7A+w4sbe26+1Ft", "ciphertext": "ic/WxL4HmdwdVSJWwU5Us/tFY7zq/5DnjDpfdWb6SCPEE4dtzVyBGb+oppBkG68sP/EeBk/H++i+j8gE+KUg2kMBc9fMxb3La6Kro6j432WvUd3kxZnJtKAKZDoswGZG0jBQ3yh5rnglAjGOS90M1kpfc5JeUb9rsd/vnds=", "tag": "SC+PlzuZvTiK+mhI3nZXOA=="}
[2026-07-09T15:41:25.882452] RAW PAYLOAD: {"iv": "oZLwSn0eIciEFzZB", "ciphertext": "iuAolvSoUVpb0pR+DrQYkWJwpE0OSm0Niqkx0Aascjcm2h+AClNPnmZXo5i3R9AGqtkaBtDj5U4zeJx8fNxfiV0YNpdeUUqJlgCkLSOCbS2Gzabr0GIvUXQtDlN8jU/x3YV7gybLQ4QiRbiiZexM58/uRGfi7kgd7VL/c6o=", "tag": "98m6J1OLjq/AdOa3CuWWBA=="}
[2026-07-09T15:41:26.059402] RAW PAYLOAD: {"iv": "93qdyKgaw9CD/ygA", "ciphertext": "r4rteNUGdUG0LrHX5CZwlZ+07y6xB2psIW6lEcQYZGSyxWJodkqcaBF5NxVvjJGY51064l0xfetTH7w1ZRl1rvSneVJA6FEJLfsTzESc/AZXJ5iU8w2A72L9aUzeHW+vVfEJMAGDtqeJEEEwbzhWVThuY3mTx4d4BJ/35yw=", "tag": "ediDi7hrYBoMWrxUAeZiEw=="}
[2026-07-09T15:41:26.260369] RAW PAYLOAD: {"iv": "aSF0GFnm5eVIum+k", "ciphertext": "3M8dMff98qZbkd/vDBpYmhTrojj2xHLuAc0XEVQ6kxikTI2V5l86rS3hu+dIA1HTp7U9ayvw8OdPPJ4XegHRQEIRhyIkfnKb+0NbiChCPKSBg8X0teDmHNB2udYshWbXGy1+EDtoF2Qfnr7Kw5JiS5qX+LoaR5/otyKLq/X1RWZ4YQ==", "tag": "SD7duzAzfDxzeCM7THBwPA=="}
[2026-07-09T15:41:26.461372] RAW PAYLOAD: {"iv": "0McBE7Wp2QWEtOJA", "ciphertext": "SCRVBjevNJhusOTSdnP2llH5rWQySbK98inN1xFRuBNjb82otRN5R89UL0MwecGv4kMGGMjOtRpNCZO/3lJvlyg9mQX3PB6AhVpJjKG2YrIwa+VG6QGJUFqDbYod64FSCXZx+Ei8DNwEkK0mSXuVSC5ocbBknisnUm4wY5U=", "tag": "ESbAT3/K3IlLooMCorEsYw=="}
[2026-07-09T15:41:26.661438] RAW PAYLOAD: {"iv": "55Ch/k39XF3XhwHB", "ciphertext": "yH+UUNgGkRgnIPk4xViK5JZg27NNgJ867tsuC8u8x7qwUFnczyVzWGFhshmpCNohc8ViubpW9ecKDuwARa4L/VrnNXNMnrpugFYfLhh8WoG42Vc1dB17cwryghwbNbDN+xkXgN33fe20OMVk4ywjyxkTAqaOVu9SK1lPpQc=", "tag": "OszSPCUoeeZDc3riT8ZqZg=="}
[2026-07-09T15:41:26.865614] RAW PAYLOAD: {"iv": "QYmNMPSNGuGGtLV6", "ciphertext": "62G2uj1uI9TquFjSGHq1Q+4Z6tSDrD8PBdauGVq4ZEeon/chHqQxT5tyixeWVKfmr9jfwG2Rn6bcnECIg7/K8d4YZz4ILwUsTJyl0dyW+c+zFN4R7DaxCvTsLXZ3mp12osuyClaOfYJoQ7R4CwB4l7abqZZD8E/gYkwgJiw=", "tag": "Ub22HPtQDKIP+kE9crNhSw=="}
[2026-07-09T15:41:27.066520] RAW PAYLOAD: {"iv": "4poKz8kih3tKyZ8n", "ciphertext": "XlrcsZUsm+iQCzpHdI3rJS5C4xAFV3zXqOU4Yle9h7nQtWf0SBSNHepEsyR7j4Dt99eCk0ZNCnNXLvKHp74mozTJH/rLdh/9LX8n6BeVNTI27V/cyHzWGCNnN3G19JYgDd6cxh3QVcGjSHVcy6Rcr2xsxr1JTIpEzJ46b3A=", "tag": "T5TUtG27hkYIF/cCoXZdLw=="}
[2026-07-09T15:41:27.268468] RAW PAYLOAD: {"iv": "5AGoxS1EHqujbZl6", "ciphertext": "u43Mpfqk+FvFdkmbgXguqu4rpKZhB3JbggC+yzTCK6bzPkH30urKLuzqVrV57JKfx7eG8hpy4pWgXbmeK3UzA9NFa2dulyeTMwcU7RNA/bRv8B5xYg6RfRZKrGxpkftGdFttyFkTVjCM5rg/exn5McOOdCvN3PWjK8q/tKc=", "tag": "7VcgaFQkVTTaJeIKdIdxLA=="}
[2026-07-09T15:41:27.467901] RAW PAYLOAD: {"iv": "8CHO+5SFt+DWDeDt", "ciphertext": "jQz6ajunykSwxAFxVrNELLXNX9ES5XV0hC1XjdXKEMjHNPOEk1rmS2T2B2tqN5GMp9ovHN4xnGUnLG6t9EDCnL27oS92u139nmTB6dGQogrJfnlc8nFP35z4Bvrqc7Gqiv1638FokRcbsnTvcvdJFm5RZwyV7ueNeWFarxA=", "tag": "0EBaBdSkhnZuwTec95LXTQ=="}
[2026-07-09T15:41:27.664426] RAW PAYLOAD: {"iv": "U38JIZYDHw6nZI20", "ciphertext": "TUwqSn/UxCo30rEDStcBe2qy1dI7evhO9lN+MG7eJoHQFLvQFKV2sjCQmdy6/4sjpuMkNycdVihrnIwUiRSext/qBXV/Ejrhoh4LzMukHbcRgg7ixDsLcSg7mzUABlof4dyiP/u8psliNQHifD9wKakpn8CTHeWT1DF+GSM=", "tag": "1JyYkGvoL9PX5fa44YtUMQ=="}
[2026-07-09T15:41:27.870732] RAW PAYLOAD: {"iv": "C69AYJ7LMInPkyp6", "ciphertext": "Tw0WbT2ph/RkYVDVQjKWb3sZh7nBdbPCyOVSBjvsgq2+Kl0I7CZyTQuVjTu74yXSfhckB0jBgmvgftg7J8hUaYcYix5TIlWEjlahqevmbkKUIR1tAqGMXCKW/hyMy0NmJKNeuP+noCrYvjxUwOh4bKrvErTJ4QyLn8A0nMg=", "tag": "2UCJ+d/upBY9LBn25jwsRg=="}
[2026-07-09T15:41:28.071009] RAW PAYLOAD: {"iv": "04eo235QyAkoCWqT", "ciphertext": "sWoq+5bEYc3Nv2jYzoFp1BY8hwDDZzeAgjBnNDU6ZASrpUIBIx4vyoY9mYnVHi0TPKQtOAo4hwFT+F6q7WyCb+NjU1LUqT8ELQ4rASgevx/rp/iZM49DyRTQgxdQ0Z3jUIxMBq9ibmr4qUCjfzSwHg/2Cn6DolnBqtE8BgU=", "tag": "79BVttF5ChU+JwITMvm9NA=="}
[2026-07-09T15:41:28.265893] RAW PAYLOAD: {"iv": "Sjr6LgvgYMeFHQZs", "ciphertext": "zGlIeFUqbJXbzDYTHyRg7bHI0JCOSQysbYQ0pa342FneoDyZlgjAKZdaZEw9qIFy96gXTHce+YA6bM0F3d2l7V+R/c00+ydY0afSgd9/jhYxwxEr2eikY9BLRNG49LRNPQNhFXHs1b2yEwfxTy21sPBprT3FrscWY34Ecms=", "tag": "ndRNPqY3dV80UmlSVxeR/g=="}
[2026-07-09T15:41:28.467585] RAW PAYLOAD: {"iv": "1+cecDOPnS9ZRAau", "ciphertext": "M7sYacT14sj+I/FYYjccCfeyRPqVxfaZn89B0CvlRIfPi703T+ksxKLzFs7KxQiOiIDz8w0QrB+HWx1QJByaJukoBHa76qaSBhCd4TB4XszDwc32bcaNfJG6M3nnaBXLARMJtGkbnzM3SF1wiVteqGodnaLb3Ut7FNNPdfc=", "tag": "IIwhDbcR6H9iYyKsdoDSsg=="}
[2026-07-09T15:41:28.670909] RAW PAYLOAD: {"iv": "690qdsujP+mjPR/K", "ciphertext": "0fuuqgOZziH3VFPxCws+MeHsz5Xyz6HSVsHbmadBuLdBRvHsHWvg7QApxN6bhmTY8ceqvWwAPfZ0Z2hUZ/Euh5djdU0nz8zH0w6Y09oPK+Y1vHjt+PVLI3a2iomBLT34CLWHXeIomRb+G+/oDNcxvY0R6iJLmM09UXs5uv0=", "tag": "4Sl2UqhUm1WyvuQZVvFEEA=="}
